// Jest Snapshot v1, https://goo.gl/fbAQLP

exports[`App snapshot renders the loading screen 1`] = `null`;

exports[`App snapshot renders the root without loading screen 1`] = `
<View
  style={
    Array [
      Object {
        "backgroundColor": "#001232",
        "flex": 1,
      },
      Object {
        "alignItems": "center",
        "justifyContent": "center",
      },
    ]
  }
>
  <ActivityIndicator
    animating={true}
    color="#0046F4"
    hidesWhenStopped={true}
    size="large"
  />
</View>
`;
